[[],[a49_0,a99_0,a149_2],[a24_0,a99_0,a124_2],[a24_0,a49_0,a74_2],[a0_0,a3_0,a4_2,a6_0,a7_2,a10_2,a11_6],[a0_0,a3_0,a4_2,a6_0,a7_2,a10_2,a11_6,a49_0,a50_2,a53_2,a54_6,a56_2,a57_6,a60_6,a61_14,a99_0,a100_2,a103_2,a104_6,a106_2,a107_6,a110_6,a111_14,a149_2,a150_6,a153_6,a154_14,a156_6,a157_14,a160_14,a161_30],[a1_0,a3_0,a5_2,a5_3,a5_4,a5_5,a5_6,a6_0,a8_2,a10_2,a12_6,a12_11,a12_12,a12_13,a12_14],[a1_0,a3_0,a5_2,a5_3,a5_4,a5_5,a5_6,a6_0,a8_2,a10_2,a12_6,a12_11,a12_12,a12_13,a12_14,a49_0,a51_2,a53_2,a55_6,a55_11,a55_12,a55_13,a55_14,a56_2,a58_6,a60_6,a62_14,a62_27,a62_28,a62_29,a62_30,a99_0,a101_2,a103_2,a105_6,a105_11,a105_12,a105_13,a105_14,a106_2,a108_6,a110_6,a112_14,a112_27,a112_28,a112_29,a112_30,a149_2,a151_6,a153_6,a155_14,a155_27,a155_28,a155_29,a155_30,a156_6,a158_14,a160_14,a162_30,a162_59,a162_60,a162_61,a162_62],[a0_0,a3_0,a4_2,a13_0,a14_2,a17_2,a18_6],[a0_0,a3_0,a4_2,a13_0,a14_2,a17_2,a18_6,a49_0,a50_2,a53_2,a54_6,a63_2,a64_6,a67_6,a68_14,a99_0,a100_2,a103_2,a104_6,a113_2,a114_6,a117_6,a118_14,a149_2,a150_6,a153_6,a154_14,a163_6,a164_14,a167_14,a168_30],[a1_0,a3_0,a5_2,a5_3,a5_4,a5_5,a5_6,a13_0,a15_2,a17_2,a19_6,a19_11,a19_12,a19_13,a19_14],[a1_0,a3_0,a5_2,a5_3,a5_4,a5_5,a5_6,a13_0,a15_2,a17_2,a19_6,a19_11,a19_12,a19_13,a19_14,a49_0,a51_2,a53_2,a55_6,a55_11,a55_12,a55_13,a55_14,a63_2,a65_6,a67_6,a69_14,a69_27,a69_28,a69_29,a69_30,a99_0,a101_2,a103_2,a105_6,a105_11,a105_12,a105_13,a105_14,a113_2,a115_6,a117_6,a119_14,a119_27,a119_28,a119_29,a119_30,a149_2,a151_6,a153_6,a155_14,a155_27,a155_28,a155_29,a155_30,a163_6,a165_14,a167_14,a169_30,a169_59,a169_60,a169_61,a169_62],[a0_0,a1_0,a2_2,a6_0,a7_2,a8_2,a9_6,a13_0,a14_2,a15_2,a16_6,a20_2,a21_6,a22_6,a23_14],[a0_0,a1_0,a2_2,a6_0,a7_2,a8_2,a9_6,a13_0,a14_2,a15_2,a16_6,a20_2,a21_6,a22_6,a23_14,a49_0,a50_2,a51_2,a52_6,a56_2,a57_6,a58_6,a59_14,a63_2,a64_6,a65_6,a66_14,a70_6,a71_14,a72_14,a73_30,a99_0,a100_2,a101_2,a102_6,a106_2,a107_6,a108_6,a109_14,a113_2,a114_6,a115_6,a116_14,a120_6,a121_14,a122_14,a123_30,a149_2,a150_6,a151_6,a152_14,a156_6,a157_14,a158_14,a159_30,a163_6,a164_14,a165_14,a166_30,a170_14,a171_30,a172_30,a173_62],[a0_0,a3_0,a4_2,a13_0,a14_2,a17_2,a18_6,a24_0,a25_2,a28_2,a29_6,a38_2,a38_3,a38_4,a38_5,a38_6,a39_6,a39_8,a39_10,a39_12,a39_14,a42_6,a42_8,a42_10,a42_12,a42_14,a43_14,a43_18,a43_22,a43_26,a43_30,a99_0,a100_2,a103_2,a104_6,a113_2,a114_6,a117_6,a118_14,a124_2,a125_6,a128_6,a129_14,a138_6,a138_11,a138_12,a138_13,a138_14,a139_14,a139_24,a139_26,a139_28,a139_30,a142_14,a142_24,a142_26,a142_28,a142_30,a143_30,a143_50,a143_54,a143_58,a143_62],[a0_0,a3_0,a4_2,a13_0,a14_2,a17_2,a18_6,a24_0,a25_2,a28_2,a29_6,a38_2,a38_3,a38_4,a38_5,a38_6,a39_6,a39_8,a39_10,a39_12,a39_14,a42_6,a42_8,a42_10,a42_12,a42_14,a43_14,a43_18,a43_22,a43_26,a43_30,a49_0,a50_2,a53_2,a54_6,a63_2,a64_6,a67_6,a68_14,a74_2,a75_6,a78_6,a79_14,a88_6,a88_11,a88_12,a88_13,a88_14,a89_14,a89_24,a89_26,a89_28,a89_30,a92_14,a92_24,a92_26,a92_28,a92_30,a93_30,a93_50,a93_54,a93_58,a93_62],[a1_0,a3_0,a5_2,a5_3,a5_4,a5_5,a5_6,a13_0,a15_2,a17_2,a19_6,a19_11,a19_12,a19_13,a19_14,a24_0,a26_2,a28_2,a30_6,a30_11,a30_12,a30_13,a30_14,a38_2,a38_3,a38_4,a38_5,a38_6,a40_6,a40_8,a40_10,a40_12,a40_14,a42_6,a42_8,a42_10,a42_12,a42_14,a44_14,a44_18,a44_22,a44_26,a44_30,a44_43,a44_44,a44_45,a44_46,a44_47,a44_48,a44_49,a44_50,a44_51,a44_52,a44_53,a44_54,a44_55,a44_56,a44_57,a44_58,a44_59,a44_60,a44_61,a44_62,a99_0,a101_2,a103_2,a105_6,a105_11,a105_12,a105_13,a105_14,a113_2,a115_6,a117_6,a119_14,a119_27,a119_28,a119_29,a119_30,a124_2,a126_6,a128_6,a130_14,a130_27,a130_28,a130_29,a130_30,a138_6,a138_11,a138_12,a138_13,a138_14,a140_14,a140_24,a140_26,a140_28,a140_30,a142_14,a142_24,a142_26,a142_28,a142_30,a144_30,a144_50,a144_54,a144_58,a144_62,a144_91,a144_92,a144_93,a144_94,a144_111,a144_112,a144_113,a144_114,a144_115,a144_116,a144_117,a144_118,a144_119,a144_120,a144_121,a144_122,a144_123,a144_124,a144_125,a144_126],[a1_0,a3_0,a5_2,a5_3,a5_4,a5_5,a5_6,a13_0,a15_2,a17_2,a19_6,a19_11,a19_12,a19_13,a19_14,a24_0,a26_2,a28_2,a30_6,a30_11,a30_12,a30_13,a30_14,a38_2,a38_3,a38_4,a38_5,a38_6,a40_6,a40_8,a40_10,a40_12,a40_14,a42_6,a42_8,a42_10,a42_12,a42_14,a44_14,a44_18,a44_22,a44_26,a44_30,a44_43,a44_44,a44_45,a44_46,a44_47,a44_48,a44_49,a44_50,a44_51,a44_52,a44_53,a44_54,a44_55,a44_56,a44_57,a44_58,a44_59,a44_60,a44_61,a44_62,a49_0,a51_2,a53_2,a55_6,a55_11,a55_12,a55_13,a55_14,a63_2,a65_6,a67_6,a69_14,a69_27,a69_28,a69_29,a69_30,a74_2,a76_6,a78_6,a80_14,a80_27,a80_28,a80_29,a80_30,a88_6,a88_11,a88_12,a88_13,a88_14,a90_14,a90_24,a90_26,a90_28,a90_30,a92_14,a92_24,a92_26,a92_28,a92_30,a94_30,a94_50,a94_54,a94_58,a94_62,a94_91,a94_92,a94_93,a94_94,a94_111,a94_112,a94_113,a94_114,a94_115,a94_116,a94_117,a94_118,a94_119,a94_120,a94_121,a94_122,a94_123,a94_124,a94_125,a94_126],[a0_0,a3_0,a4_2,a6_0,a7_2,a10_2,a11_6,a24_0,a25_2,a28_2,a29_6,a31_2,a32_6,a35_6,a36_14,a99_0,a100_2,a103_2,a104_6,a106_2,a107_6,a110_6,a111_14,a124_2,a125_6,a128_6,a129_14,a131_6,a132_14,a135_14,a136_30],[a0_0,a3_0,a4_2,a6_0,a7_2,a10_2,a11_6,a24_0,a25_2,a28_2,a29_6,a31_2,a32_6,a35_6,a36_14,a49_0,a50_2,a53_2,a54_6,a56_2,a57_6,a60_6,a61_14,a74_2,a75_6,a78_6,a79_14,a81_6,a82_14,a85_14,a86_30],[a1_0,a3_0,a5_2,a5_3,a5_4,a5_5,a5_6,a6_0,a8_2,a10_2,a12_6,a12_11,a12_12,a12_13,a12_14,a24_0,a26_2,a28_2,a30_6,a30_11,a30_12,a30_13,a30_14,a31_2,a33_6,a35_6,a37_14,a37_27,a37_28,a37_29,a37_30,a99_0,a101_2,a103_2,a105_6,a105_11,a105_12,a105_13,a105_14,a106_2,a108_6,a110_6,a112_14,a112_27,a112_28,a112_29,a112_30,a124_2,a126_6,a128_6,a130_14,a130_27,a130_28,a130_29,a130_30,a131_6,a133_14,a135_14,a137_30,a137_59,a137_60,a137_61,a137_62],[a1_0,a3_0,a5_2,a5_3,a5_4,a5_5,a5_6,a6_0,a8_2,a10_2,a12_6,a12_11,a12_12,a12_13,a12_14,a24_0,a26_2,a28_2,a30_6,a30_11,a30_12,a30_13,a30_14,a31_2,a33_6,a35_6,a37_14,a37_27,a37_28,a37_29,a37_30,a49_0,a51_2,a53_2,a55_6,a55_11,a55_12,a55_13,a55_14,a56_2,a58_6,a60_6,a62_14,a62_27,a62_28,a62_29,a62_30,a74_2,a76_6,a78_6,a80_14,a80_27,a80_28,a80_29,a80_30,a81_6,a83_14,a85_14,a87_30,a87_59,a87_60,a87_61,a87_62],[a0_0,a1_0,a2_2,a6_0,a7_2,a8_2,a9_6,a13_0,a14_2,a15_2,a16_6,a20_2,a21_6,a22_6,a23_14,a24_0,a25_2,a26_2,a27_6,a31_2,a32_6,a33_6,a34_14,a38_2,a38_3,a38_4,a38_5,a38_6,a39_6,a39_8,a39_10,a39_12,a39_14,a40_6,a40_8,a40_10,a40_12,a40_14,a41_14,a41_18,a41_22,a41_26,a41_30,a45_6,a45_8,a45_10,a45_12,a45_14,a46_14,a46_18,a46_22,a46_26,a46_30,a47_14,a47_18,a47_22,a47_26,a47_30,a48_30,a48_38,a48_46,a48_54,a48_62,a99_0,a100_2,a101_2,a102_6,a106_2,a107_6,a108_6,a109_14,a113_2,a114_6,a115_6,a116_14,a120_6,a121_14,a122_14,a123_30,a124_2,a125_6,a126_6,a127_14,a131_6,a132_14,a133_14,a134_30,a138_6,a138_11,a138_12,a138_13,a138_14,a139_14,a139_24,a139_26,a139_28,a139_30,a140_14,a140_24,a140_26,a140_28,a140_30,a141_30,a141_50,a141_54,a141_58,a141_62,a145_14,a145_24,a145_26,a145_28,a145_30,a146_30,a146_50,a146_54,a146_58,a146_62,a147_30,a147_50,a147_54,a147_58,a147_62,a148_62,a148_102,a148_110,a148_118,a148_126],[a0_0,a1_0,a2_2,a6_0,a7_2,a8_2,a9_6,a13_0,a14_2,a15_2,a16_6,a20_2,a21_6,a22_6,a23_14,a24_0,a25_2,a26_2,a27_6,a31_2,a32_6,a33_6,a34_14,a38_2,a38_3,a38_4,a38_5,a38_6,a39_6,a39_8,a39_10,a39_12,a39_14,a40_6,a40_8,a40_10,a40_12,a40_14,a41_14,a41_18,a41_22,a41_26,a41_30,a45_6,a45_8,a45_10,a45_12,a45_14,a46_14,a46_18,a46_22,a46_26,a46_30,a47_14,a47_18,a47_22,a47_26,a47_30,a48_30,a48_38,a48_46,a48_54,a48_62,a49_0,a50_2,a51_2,a52_6,a56_2,a57_6,a58_6,a59_14,a63_2,a64_6,a65_6,a66_14,a70_6,a71_14,a72_14,a73_30,a74_2,a75_6,a76_6,a77_14,a81_6,a82_14,a83_14,a84_30,a88_6,a88_11,a88_12,a88_13,a88_14,a89_14,a89_24,a89_26,a89_28,a89_30,a90_14,a90_24,a90_26,a90_28,a90_30,a91_30,a91_50,a91_54,a91_58,a91_62,a95_14,a95_24,a95_26,a95_28,a95_30,a96_30,a96_50,a96_54,a96_58,a96_62,a97_30,a97_50,a97_54,a97_58,a97_62,a98_62,a98_102,a98_110,a98_118,a98_126]]

24 solution(s) found
